Token(type:TokenType.funcDeclare, lexeme:avisala, literal:null, line:1)
Token(type:TokenType.identifier, lexeme:myFunction, literal:null, line:1)
Token(type:TokenType.parenL, lexeme:(, literal:null, line:1)
Token(type:TokenType.parenR, lexeme:), literal:null, line:1)
Token(type:TokenType.curlyL, lexeme:{, literal:null, line:1)
Token(type:TokenType.identifier, lexeme:letsDoSomething, literal:null, line:2)
Token(type:TokenType.curlyR, lexeme:}, literal:null, line:3)
Token(type:TokenType.termFile, lexeme:, literal:null, line:3)