Token(type:TokenType.identifier, lexeme:beyond, literal:null, line:1)
Token(type:TokenType.identifier, lexeme:this, literal:null, line:2)
Token(type:TokenType.identifier, lexeme:point, literal:null, line:2)
Token(type:TokenType.identifier, lexeme:are, literal:null, line:2)
Token(type:TokenType.string, lexeme:"not", literal:not, line:2)
Token(type:TokenType.identifier, lexeme:identifiers, literal:null, line:2)
Token(type:TokenType.string, lexeme:"exactly.", literal:exactly., line:2)
Token(type:TokenType.identifier, lexeme:wa, literal:null, line:4)
Token(type:TokenType.identifier, lexeme:ley, literal:null, line:4)
Token(type:TokenType.termFile, lexeme:, literal:null, line:4)