Token(type:TokenType.typeNull, lexeme:waley, literal:null, line:1)
Token(type:TokenType.varDeclare, lexeme:ang, literal:null, line:1)
Token(type:TokenType.condIf, lexeme:pwidi, literal:null, line:1)
Token(type:TokenType.condElse, lexeme:dipindi, literal:null, line:1)
Token(type:TokenType.condIfelse, lexeme:piro, literal:null, line:1)
Token(type:TokenType.repFor, lexeme:forda, literal:null, line:1)
Token(type:TokenType.repWhile, lexeme:whiletch, literal:null, line:1)
Token(type:TokenType.repContinue, lexeme:oops, literal:null, line:1)
Token(type:TokenType.repBreak, lexeme:aynakatulog, literal:null, line:1)
Token(type:TokenType.funcDeclare, lexeme:avisala, literal:null, line:2)
Token(type:TokenType.funcCall, lexeme:yoohoo, literal:null, line:2)
Token(type:TokenType.funcReturn, lexeme:ohsimon, literal:null, line:2)
Token(type:TokenType.funcPrint, lexeme:imnida, literal:null, line:2)
Token(type:TokenType.funcScan, lexeme:sabihinmona, literal:null, line:2)
Token(type:TokenType.logicAnd, lexeme:at, literal:null, line:2)
Token(type:TokenType.logicOr, lexeme:o, literal:null, line:2)
Token(type:TokenType.logicNot, lexeme:mama_mo, literal:null, line:2)
Token(type:TokenType.identifier, lexeme:beyond, literal:null, line:4)
Token(type:TokenType.identifier, lexeme:this, literal:null, line:5)
Token(type:TokenType.identifier, lexeme:point, literal:null, line:5)
Token(type:TokenType.identifier, lexeme:are, literal:null, line:5)
Token(type:TokenType.string, lexeme:"not", literal:not, line:5)
Token(type:TokenType.identifier, lexeme:identifiers, literal:null, line:5)
Token(type:TokenType.string, lexeme:"exactly.", literal:exactly., line:5)
Token(type:TokenType.identifier, lexeme:wa, literal:null, line:7)
Token(type:TokenType.identifier, lexeme:ley, literal:null, line:7)
Token(type:TokenType.termFile, lexeme:, literal:null, line:7)