Token(type:TokenType.number_int, lexeme:4, literal:4, line:1)
Token(type:TokenType.identifier, lexeme:r, literal:null, line:1)
Token(type:TokenType.number_int, lexeme:2, literal:2, line:1)
Token(type:TokenType.identifier, lexeme:plot, literal:null, line:1)
Token(type:TokenType.number_int, lexeme:1, literal:1, line:1)
Token(type:TokenType.mult, lexeme:*, literal:null, line:1)
Token(type:TokenType.number_int, lexeme:3, literal:3, line:1)
Token(type:TokenType.add, lexeme:+, literal:null, line:1)
Token(type:TokenType.termFile, lexeme:, literal:null, line:2)