Token(type:TokenType.varDeclare, lexeme:ang, literal:null, line:1)
Token(type:TokenType.identifier, lexeme:myVariable, literal:null, line:1)
Token(type:TokenType.equal, lexeme:=, literal:null, line:1)
Token(type:TokenType.number_int, lexeme:5, literal:5, line:1)
Token(type:TokenType.termStatement, lexeme:;;, literal:null, line:1)
Token(type:TokenType.funcDeclare, lexeme:avisala, literal:null, line:3)
Token(type:TokenType.identifier, lexeme:myFunction, literal:null, line:3)
Token(type:TokenType.parenL, lexeme:(, literal:null, line:3)
Token(type:TokenType.parenR, lexeme:), literal:null, line:3)
Token(type:TokenType.curlyL, lexeme:{, literal:null, line:3)
Token(type:TokenType.identifier, lexeme:letsDoSomething, literal:null, line:4)
Token(type:TokenType.curlyR, lexeme:}, literal:null, line:5)
Token(type:TokenType.termFile, lexeme:, literal:null, line:5)