Token(type:TokenType.parenL, lexeme:(, literal:null, line:1)
Token(type:TokenType.parenR, lexeme:), literal:null, line:1)
Token(type:TokenType.curlyL, lexeme:{, literal:null, line:1)
Token(type:TokenType.curlyR, lexeme:}, literal:null, line:1)
Token(type:TokenType.bracketL, lexeme:[, literal:null, line:1)
Token(type:TokenType.bracketR, lexeme:], literal:null, line:1)
Token(type:TokenType.add, lexeme:+, literal:null, line:1)
Token(type:TokenType.sub, lexeme:-, literal:null, line:1)
Token(type:TokenType.mult, lexeme:*, literal:null, line:1)
Token(type:TokenType.div, lexeme:/, literal:null, line:1)
Token(type:TokenType.equalEqual, lexeme:==, literal:null, line:1)
Token(type:TokenType.notEqual, lexeme:!=, literal:null, line:1)
Token(type:TokenType.less, lexeme:<, literal:null, line:1)
Token(type:TokenType.lessEqual, lexeme:<=, literal:null, line:1)
Token(type:TokenType.greater, lexeme:>, literal:null, line:1)
Token(type:TokenType.greaterEqual, lexeme:>=, literal:null, line:1)
Token(type:TokenType.equal, lexeme:=, literal:null, line:1)
Token(type:TokenType.not, lexeme:!, literal:null, line:1)
Token(type:TokenType.sub, lexeme:-, literal:null, line:1)
Token(type:TokenType.sub, lexeme:-, literal:null, line:1)
Token(type:TokenType.exponent, lexeme:^, literal:null, line:2)
Token(type:TokenType.modulo, lexeme:%, literal:null, line:2)
Token(type:TokenType.termFile, lexeme:, literal:null, line:2)